`{
    "f_type": "",
    "f_version": "1.0.0",
    "id": "",
    "data": {
        "type": "",
        "interface": "",
        "messages": {
            "title": {
                "i18n": {
                    "en-US": "Transfer Tokens"
                }
            },
            "description": {
                "i18n": {
                    "en-US": "Transfer tokens from one account to another"
                }
            }
        },
        "cadence": "",
        "dependencies": null,
        "arguments": {
            "amount": {
                "index": 0,
                "type": "",
                "messages": {
                    "title": {
                        "i18n": {
                            "en-US": "Amount"
                        }
                    },
                    "description": {
                        "i18n": {
                            "en-US": "The amount of FLOW tokens to send"
                        }
                    }
                },
                "balance": "FlowToken"
            },
            "to": {
                "index": 1,
                "type": "",
                "messages": {
                    "title": {
                        "i18n": {
                            "en-US": "To"
                        }
                    },
                    "description": {
                        "i18n": {
                            "en-US": "The Flow account the tokens will go to"
                        }
                    }
                },
                "balance": ""
            }
        }
    }
}`
