`{
    "f_type": "InteractionTemplate",
    "f_version": "1.0.0",
    "id": "",
    "data": {
        "type": "transaction",
        "interface": "",
        "messages": {
            "title": {
                "i18n": {
                    "en-US": "Transfer Tokens"
                }
            },
            "description": {
                "i18n": {
                    "en-US": "Transfer tokens from one account to another"
                }
            }
        },
        "cadence": "import FungibleToken from 0xFungibleToken\ntransaction(amount: UFix64, to: Address) {\nlet vault: @FungibleToken.Vault\nprepare(signer: AuthAccount) {\nself.vault \u003c- signer\n.borrow\u003c\u0026{FungibleToken.Provider}\u003e(from: /storage/flowTokenVault)!\n.withdraw(amount: amount)\n}\nexecute {\ngetAccount(to)\n.getCapability(/public/flowTokenReceiver)!\n.borrow\u003c\u0026{FungibleToken.Receiver}\u003e()!\n.deposit(from: \u003c-self.vault)\n}\n}",
        "dependencies": {
            "0xFungibleToken": {
                "FungibleToken": {
                    "mainnet": {
                        "address": "0xf233dcee88fe0abe",
                        "fq_address": "A.0xf233dcee88fe0abe.FungibleToken",
                        "contract": "FungibleToken",
                        "pin": "83c9e3d61d3b5ebf24356a9f17b5b57b12d6d56547abc73e05f820a0ae7d9cf5",
                        "pin_block_height": 34166296
                    },
                    "testnet": {
                        "address": "0x9a0766d93b6608b7",
                        "fq_address": "A.0x9a0766d93b6608b7.FungibleToken",
                        "contract": "FungibleToken",
                        "pin": "83c9e3d61d3b5ebf24356a9f17b5b57b12d6d56547abc73e05f820a0ae7d9cf5",
                        "pin_block_height": 74776482
                    }
                }
            }
        },
        "arguments": {
            "greeting": {
                "index": 0,
                "type": "String",
                "messages": {},
                "balance": ""
            }
        }
    }
}`
