`{
    "f_type": "InteractionTemplate",
    "f_version": "1.0.0",
    "id": "",
    "data": {
        "type": "script",
        "interface": "",
        "messages": {
            "title": {
                "i18n": {
                    "en-US": "Get Tokens Balance"
                }
            },
            "description": {
                "i18n": {
                    "en-US": "Get user token balance"
                }
            }
        },
        "cadence": "",
        "dependencies": {},
        "arguments": {
            "address": {
                "index": 0,
                "type": "Address",
                "messages": {
                    "title": {
                        "i18n": {
                            "en-US": "User Account"
                        }
                    },
                    "description": {
                        "i18n": {
                            "en-US": "User account address"
                        }
                    }
                },
                "balance": ""
            }
        }
    }
}`
