`{
    "f_type": "InteractionTemplate",
    "f_version": "1.1.0",
    "id": "356f38bbbc3def8019c7dedc94b9eb77b026740f33a68bbb29ce285a05f907cd",
    "data": {
        "type": "transaction",
        "interface": "",
        "messages": [
            {
                "key": "title",
                "i18n": [
                    {
                        "tag": "en-US",
                        "translation": "Transfer Flow"
                    }
                ]
            },
            {
                "key": "description",
                "i18n": [
                    {
                        "tag": "en-US",
                        "translation": "Transfer Flow to account"
                    }
                ]
            }
        ],
        "cadence": {
            "body": "\n\t#interaction(\n\t\tversion: \"1.1.0\",\n\t\ttitle: \"Transfer Flow\",\n\t\tdescription: \"Transfer Flow to account\",\n\t\tlanguage: \"en-US\",\n\t\tparameters: [\n\t\t\tParameter(\n\t\t\t\tname: \"amount\",\n\t\t\t\ttitle: \"Amount\",\n\t\t\t\tdescription: \"Amount of Flow to transfer\"\n\t\t\t),\n\t\t\tParameter(\n\t\t\t\tname: \"to\",\n\t\t\t\ttitle: \"Receiver\",\n\t\t\t\tdescription: \"Destination address to receive Flow Tokens\"\n\t\t\t)\n\t\t],\n\t)\n\n\timport \"FlowToken\"\n\n\ttransaction(amount: UFix64, to: Address) {\n\t\tlet vault: @FlowToken.Vault\n\n\t\tprepare(signer: \u0026Account) {}\n\t}\n",
            "network_pins": [
                {
                    "network": "mainnet",
                    "pin_self": "8f51a4190c0b607f96eb65cc88e9335079aa659c4af7c858ef2de0a2171f7c4b"
                },
                {
                    "network": "testnet",
                    "pin_self": "76920dd3758b4ee3ee8a8929d05f3e4067f66a30b272f518a14bba504fefd4b1"
                }
            ]
        },
        "dependencies": [
            {
                "contracts": [
                    {
                        "contract": "FlowToken",
                        "networks": [
                            {
                                "network": "mainnet",
                                "address": "0x1654653399040a61",
                                "dependency_pin_block_height": 0
                            },
                            {
                                "network": "testnet",
                                "address": "0x7e60df042a9c0868",
                                "dependency_pin_block_height": 0
                            },
                            {
                                "network": "emulator",
                                "address": "0x0ae53cb6e3f42a79",
                                "dependency_pin_block_height": 0
                            }
                        ]
                    }
                ]
            }
        ],
        "parameters": [
            {
                "label": "amount",
                "index": 0,
                "type": "UFix64",
                "messages": [
                    {
                        "key": "title",
                        "i18n": [
                            {
                                "tag": "en-US",
                                "translation": "Amount"
                            }
                        ]
                    },
                    {
                        "key": "description",
                        "i18n": [
                            {
                                "tag": "en-US",
                                "translation": "Amount of Flow to transfer"
                            }
                        ]
                    }
                ]
            },
            {
                "label": "to",
                "index": 1,
                "type": "Address",
                "messages": [
                    {
                        "key": "title",
                        "i18n": [
                            {
                                "tag": "en-US",
                                "translation": "Receiver"
                            }
                        ]
                    },
                    {
                        "key": "description",
                        "i18n": [
                            {
                                "tag": "en-US",
                                "translation": "Destination address to receive Flow Tokens"
                            }
                        ]
                    }
                ]
            }
        ]
    }
}`
