`{
    "f_type": "InteractionTemplate",
    "f_version": "1.1.0",
    "id": "585d2dd4fc3523ba140fbe0f798c07f1d4c3792aaed72a3b0d7c32c23a6457e7",
    "data": {
        "type": "script",
        "interface": "",
        "messages": null,
        "cadence": {
            "body": "\n\timport \"Alice\"\n\timport \"Bob\"\n\timport Joe\n\n\taccess(all)\n\tfun main(): Void {}\n",
            "network_pins": []
        },
        "dependencies": [
            {
                "contracts": [
                    {
                        "contract": "Alice",
                        "networks": [
                            {
                                "network": "testnet",
                                "address": "0x0000000000000001",
                                "dependency_pin_block_height": 0
                            },
                            {
                                "network": "mainnet",
                                "address": "0x0000000000000001",
                                "dependency_pin_block_height": 0
                            },
                            {
                                "network": "emulator",
                                "address": "0x0000000000000001",
                                "dependency_pin_block_height": 0
                            }
                        ]
                    }
                ]
            },
            {
                "contracts": [
                    {
                        "contract": "Bob",
                        "networks": [
                            {
                                "network": "testnet",
                                "address": "0x0000000000000002",
                                "dependency_pin_block_height": 0
                            },
                            {
                                "network": "mainnet",
                                "address": "0x0000000000000002",
                                "dependency_pin_block_height": 0
                            },
                            {
                                "network": "emulator",
                                "address": "0x0000000000000002",
                                "dependency_pin_block_height": 0
                            }
                        ]
                    }
                ]
            }
        ],
        "parameters": null,
        "output": {
            "label": "result",
            "index": 0,
            "type": "Void",
            "messages": []
        }
    }
}`
