`{
    "f_type": "InteractionTemplate",
    "f_version": "1.1.0",
    "id": "03ca02c81089377a84233668e8809516cd38d916f1dac7a64a2c8fee5994b062",
    "data": {
        "type": "script",
        "interface": "",
        "messages": [
            {
                "key": "title",
                "i18n": [
                    {
                        "tag": "en-US",
                        "translation": "Say Hello"
                    }
                ]
            },
            {
                "key": "description",
                "i18n": [
                    {
                        "tag": "en-US",
                        "translation": "Read the greeting from the HelloWorld contract"
                    }
                ]
            }
        ],
        "cadence": {
            "body": "\n\t#interaction(\n\t\tversion: \"1.1.0\",\n\t\ttitle: \"Say Hello\",\n\t\tdescription: \"Read the greeting from the HelloWorld contract\",\n\t\tlanguage: \"en-US\",\n\t\tparameters: [],\n\t)\n\n\timport \"HelloWorld\"\n\n\taccess(all)\n\tfun main(): String {\n\t\treturn HelloWorld.greeting\n\t}\n",
            "network_pins": []
        },
        "dependencies": [
            {
                "contracts": [
                    {
                        "contract": "HelloWorld",
                        "networks": [
                            {
                                "network": "testnet",
                                "address": "0xee82856bf20e2aa6",
                                "dependency_pin_block_height": 0
                            },
                            {
                                "network": "mainnet",
                                "address": "0xee82856bf20e2aa6",
                                "dependency_pin_block_height": 0
                            },
                            {
                                "network": "emulator",
                                "address": "0xee82856bf20e2aa6",
                                "dependency_pin_block_height": 0
                            }
                        ]
                    }
                ]
            }
        ],
        "parameters": null,
        "output": {
            "label": "result",
            "index": 0,
            "type": "String",
            "messages": []
        }
    }
}`
