`{
    "f_type": "InteractionTemplate",
    "f_version": "1.1.0",
    "id": "f50202a2634b507ec531eff7ad1c359f499a6278cfa46b71ad1f7004628b7afb",
    "data": {
        "type": "transaction",
        "interface": "",
        "messages": [
            {
                "key": "title",
                "i18n": [
                    {
                        "tag": "en-US",
                        "translation": "Update Greeting"
                    }
                ]
            },
            {
                "key": "description",
                "i18n": [
                    {
                        "tag": "en-US",
                        "translation": "Update the greeting on the HelloWorld contract"
                    }
                ]
            }
        ],
        "cadence": {
            "body": "\n\t#interaction(\n\t\tversion: \"1.1.0\",\n\t\ttitle: \"Update Greeting\",\n\t\tdescription: \"Update the greeting on the HelloWorld contract\",\n\t\tlanguage: \"en-US\",\n\t\tparameters: [\n\t\t\tParameter(\n\t\t\t\tname: \"greeting\",\n\t\t\t\ttitle: \"Greeting\",\n\t\t\t\tdescription: \"The greeting to set on the HelloWorld contract\"\n\t\t\t)\n\t\t],\n\t)\n\n\timport \"HelloWorld\"\n\n\ttransaction(greeting: String) {\n\n\t\tprepare(acct: \u0026Account) {\n\t\t\tlog(acct.address)\n\t\t}\n\n\t\texecute {\n\t\t\tHelloWorld.updateGreeting(newGreeting: greeting)\n\t\t}\n\t}\n",
            "network_pins": [
                {
                    "network": "mainnet",
                    "pin_self": "7a7b3ffbc205913afdd4d48e60a96ad1e5ecd2f2d29c4a1331a72182f63c90ff"
                },
                {
                    "network": "testnet",
                    "pin_self": "7a7b3ffbc205913afdd4d48e60a96ad1e5ecd2f2d29c4a1331a72182f63c90ff"
                }
            ]
        },
        "dependencies": [
            {
                "contracts": [
                    {
                        "contract": "HelloWorld",
                        "networks": [
                            {
                                "network": "testnet",
                                "address": "0xee82856bf20e2aa6",
                                "dependency_pin_block_height": 0
                            },
                            {
                                "network": "mainnet",
                                "address": "0xee82856bf20e2aa6",
                                "dependency_pin_block_height": 0
                            },
                            {
                                "network": "emulator",
                                "address": "0xee82856bf20e2aa6",
                                "dependency_pin_block_height": 0
                            }
                        ]
                    }
                ]
            }
        ],
        "parameters": [
            {
                "label": "greeting",
                "index": 0,
                "type": "String",
                "messages": [
                    {
                        "key": "title",
                        "i18n": [
                            {
                                "tag": "en-US",
                                "translation": "Greeting"
                            }
                        ]
                    },
                    {
                        "key": "description",
                        "i18n": [
                            {
                                "tag": "en-US",
                                "translation": "The greeting to set on the HelloWorld contract"
                            }
                        ]
                    }
                ]
            }
        ]
    }
}`
