`{
    "f_type": "InteractionTemplate",
    "f_version": "1.1.0",
    "id": "2233dc61f9e187efe089977e503a68024a6fd1d35e0971d8f36b1016ba032974",
    "data": {
        "type": "transaction",
        "interface": "",
        "messages": [
            {
                "key": "title",
                "i18n": [
                    {
                        "tag": "en-US",
                        "translation": "Transfer Flow"
                    }
                ]
            },
            {
                "key": "description",
                "i18n": [
                    {
                        "tag": "en-US",
                        "translation": "Transfer Flow to account"
                    }
                ]
            }
        ],
        "cadence": {
            "body": "\n\t#interaction(\n\t\tversion: \"1.1.0\",\n\t\ttitle: \"Transfer Flow\",\n\t\tdescription: \"Transfer Flow to account\",\n\t\tlanguage: \"en-US\",\n\t)\n\n\t#interaction_param_amount(\n\t\ttitle: \"Amount\",\n\t\tdescription: \"Amount of Flow to transfer\",\n\t\tlanguage: \"en-US\",\n\t)\n\n\t#interaction_param_to(\n\t\ttitle: \"Reciever\",\n\t\tdescription: \"Destination address to receive Flow Tokens\",\n\t\tlanguage: \"en-US\",\n\t)\n\t\n\timport \"FlowToken\"\n\ttransaction(amount: UFix64, to: Address) {\n\t\tlet vault: @FlowToken.Vault\n\t\tprepare(signer: AuthAccount) {\n\t\t\n\t\t}\n\t}\n",
            "network_pins": [
                {
                    "network": "mainnet",
                    "pin_self": "d61dd39581edde6ddc57b760bf6bc155a4d1aa7b95e9b37704952f990bb7abab"
                },
                {
                    "network": "testnet",
                    "pin_self": "ddb4b8ba9c04223a6f76db3fdb1758f33cb79ceabf8ea6d1a08a42dd308149e7"
                }
            ]
        },
        "dependencies": [
            {
                "contracts": [
                    {
                        "contract": "FlowToken",
                        "networks": [
                            {
                                "network": "mainnet",
                                "address": "0x1654653399040a61",
                                "dependency_pin_block_height": 0
                            },
                            {
                                "network": "testnet",
                                "address": "0x7e60df042a9c0868",
                                "dependency_pin_block_height": 0
                            },
                            {
                                "network": "emulator",
                                "address": "0x0ae53cb6e3f42a79",
                                "dependency_pin_block_height": 0
                            }
                        ]
                    }
                ]
            }
        ],
        "parameters": [
            {
                "label": "amount",
                "index": 0,
                "type": "UFix64",
                "messages": [
                    {
                        "key": "title",
                        "i18n": [
                            {
                                "tag": "en-US",
                                "translation": "Amount"
                            }
                        ]
                    },
                    {
                        "key": "description",
                        "i18n": [
                            {
                                "tag": "en-US",
                                "translation": "Amount of Flow to transfer"
                            }
                        ]
                    }
                ]
            },
            {
                "label": "to",
                "index": 1,
                "type": "Address",
                "messages": [
                    {
                        "key": "title",
                        "i18n": [
                            {
                                "tag": "en-US",
                                "translation": "Reciever"
                            }
                        ]
                    },
                    {
                        "key": "description",
                        "i18n": [
                            {
                                "tag": "en-US",
                                "translation": "Destination address to receive Flow Tokens"
                            }
                        ]
                    }
                ]
            }
        ]
    }
}`
