`{
    "f_type": "InteractionTemplate",
    "f_version": "1.0.0",
    "id": "fccf61e27f0fde29fb4ea6e51de36f454297c2e92f6f3ec2f7cece1243737261",
    "data": {
        "type": "script",
        "interface": "",
        "messages": {
            "title": {
                "i18n": {
                    "en-US": "read Greeting"
                }
            },
            "description": {
                "i18n": {
                    "en-US": "read greeting of the HelloWorld smart contract"
                }
            }
        },
        "cadence": "\n\timport HelloWorld from 0xHelloWorld\n\n\tpub fun main(): String {\n\treturn HelloWorld.greeting\n\t}\n",
        "dependencies": {
            "0xHelloWorld": {
                "HelloWorld": {
                    "emulator": {
                        "address": "0x01cf0e2f2f715450",
                        "fq_address": "A.01cf0e2f2f715450.HelloWorld",
                        "contract": "HelloWorld",
                        "pin": "",
                        "pin_block_height": 0
                    }
                }
            }
        },
        "arguments": {}
    }
}`
