`{
    "f_type": "InteractionTemplate",
    "f_version": "1.1.0",
    "id": "d3816dea2f1bf9ad656c90b1c782a3bcb15823a6b8452f1553ecb5ae25030944",
    "data": {
        "type": "transaction",
        "interface": "",
        "messages": [
            {
                "key": "title",
                "i18n": [
                    {
                        "tag": "en-US",
                        "translation": "Transfer Flow"
                    }
                ]
            },
            {
                "key": "description",
                "i18n": [
                    {
                        "tag": "en-US",
                        "translation": "Transfer Flow to account"
                    }
                ]
            }
        ],
        "cadence": {
            "body": "\n\t#interaction(\n\t\tversion: \"1.1.0\",\n\t\ttitle: \"Transfer Flow\",\n\t\tdescription: \"Transfer Flow to account\",\n\t\tlanguage: \"en-US\",\n\t\tparameters: [\n\t\t\tParameter(\n\t\t\t\tname: \"amount\", \n\t\t\t\ttitle: \"Amount\", \n\t\t\t\tdescription: \"Amount of Flow to transfer\"\n\t\t\t),\n\t\t\tParameter(\n\t\t\t\tname: \"to\", \n\t\t\t\ttitle: \"Reciever\", \n\t\t\t\tdescription: \"Destination address to receive Flow Tokens\"\n\t\t\t)\n\t\t],\n\t)\n\t\n\timport \"FlowToken\"\n\ttransaction(amount: UFix64, to: Address) {\n\t\tlet vault: @FlowToken.Vault\n\t\tprepare(signer: AuthAccount) {\n\t\t\n\t\t}\n\t}\n",
            "network_pins": [
                {
                    "network": "mainnet",
                    "pin_self": "b11213cf3480f71989f7518791b976cfd80d43c7474495a6d5669b17b77e9346"
                },
                {
                    "network": "testnet",
                    "pin_self": "d7c8bddb94f640478b573871dfc2c4e9d090c706ab2a7b8c3e8223e5f7f737be"
                }
            ]
        },
        "dependencies": [
            {
                "contracts": [
                    {
                        "contract": "FlowToken",
                        "networks": [
                            {
                                "network": "mainnet",
                                "address": "0x1654653399040a61",
                                "dependency_pin_block_height": 0
                            },
                            {
                                "network": "testnet",
                                "address": "0x7e60df042a9c0868",
                                "dependency_pin_block_height": 0
                            },
                            {
                                "network": "emulator",
                                "address": "0x0ae53cb6e3f42a79",
                                "dependency_pin_block_height": 0
                            }
                        ]
                    }
                ]
            }
        ],
        "parameters": [
            {
                "label": "amount",
                "index": 0,
                "type": "UFix64",
                "messages": [
                    {
                        "key": "title",
                        "i18n": [
                            {
                                "tag": "en-US",
                                "translation": "Amount"
                            }
                        ]
                    },
                    {
                        "key": "description",
                        "i18n": [
                            {
                                "tag": "en-US",
                                "translation": "Amount of Flow to transfer"
                            }
                        ]
                    }
                ]
            },
            {
                "label": "to",
                "index": 1,
                "type": "Address",
                "messages": [
                    {
                        "key": "title",
                        "i18n": [
                            {
                                "tag": "en-US",
                                "translation": "Reciever"
                            }
                        ]
                    },
                    {
                        "key": "description",
                        "i18n": [
                            {
                                "tag": "en-US",
                                "translation": "Destination address to receive Flow Tokens"
                            }
                        ]
                    }
                ]
            }
        ]
    }
}`
