`"{\n    \"f_type\": \"\",\n    \"f_version\": \"1.1.0\",\n    \"id\": \"\",\n    \"data\": {\n        \"type\": \"\",\n        \"interface\": \"\",\n        \"messages\": [\n            {\n                \"key\": \"title\",\n                \"i18n\": [\n                    {\n                        \"tag\": \"en-US\",\n                        \"translation\": \"Say Hello\"\n                    }\n                ]\n            },\n            {\n                \"key\": \"description\",\n                \"i18n\": [\n                    {\n                        \"tag\": \"en-US\",\n                        \"translation\": \"Read the greeting from the HelloWorld contract\"\n                    }\n                ]\n            }\n        ],\n        \"cadence\": {\n            \"body\": \"\",\n            \"network_pins\": null\n        },\n        \"dependencies\": null,\n        \"parameters\": null\n    }\n}"`
